Archive member included because of file (symbol)

/home/julian/MEGA/semestre_ix/Embebidos/arm-2013.11/bin/../lib/gcc/arm-none-eabi/4.8.1/thumb2/libgcc.a(_arm_addsubdf3.o)
                              /tmp/cc4xEwoJ.ltrans0.ltrans.o (__aeabi_dsub)
/home/julian/MEGA/semestre_ix/Embebidos/arm-2013.11/bin/../lib/gcc/arm-none-eabi/4.8.1/thumb2/libgcc.a(_arm_muldivdf3.o)
                              /tmp/cc4xEwoJ.ltrans0.ltrans.o (__aeabi_dmul)
/home/julian/MEGA/semestre_ix/Embebidos/arm-2013.11/bin/../lib/gcc/arm-none-eabi/4.8.1/thumb2/libgcc.a(_arm_fixdfsi.o)
                              /tmp/cc4xEwoJ.ltrans0.ltrans.o (__aeabi_d2iz)
/home/julian/MEGA/semestre_ix/Embebidos/arm-2013.11/bin/../lib/gcc/arm-none-eabi/4.8.1/thumb2/libgcc.a(_arm_truncdfsf2.o)
                              /tmp/cc4xEwoJ.ltrans0.ltrans.o (__aeabi_d2f)
/home/julian/MEGA/semestre_ix/Embebidos/arm-2013.11/bin/../lib/gcc/arm-none-eabi/4.8.1/thumb2/libgcc.a(_arm_cmpsf2.o)
                              /tmp/cc4xEwoJ.ltrans0.ltrans.o (__aeabi_fcmplt)
/home/julian/MEGA/semestre_ix/Embebidos/arm-2013.11/bin/../lib/gcc/arm-none-eabi/4.8.1/thumb2/libgcc.a(_arm_fixsfsi.o)
                              /tmp/cc4xEwoJ.ltrans0.ltrans.o (__aeabi_f2iz)

Discarded input sections

 .data          0x00000000        0x0 build/obj/crt0_v7m.o
 .bss           0x00000000        0x0 build/obj/crt0_v7m.o
 .data          0x00000000        0x0 build/obj/chcoreasm_v7m.o
 .bss           0x00000000        0x0 build/obj/chcoreasm_v7m.o
 .text          0x00000000        0x0 build/obj/crt1.o (symbol from plugin)
 .text          0x00000000        0x0 /tmp/cc4xEwoJ.ltrans0.ltrans.o
 .data          0x00000000        0x0 /tmp/cc4xEwoJ.ltrans0.ltrans.o
 .bss           0x00000000        0x0 /tmp/cc4xEwoJ.ltrans0.ltrans.o
 .text          0x00000000        0x0 /tmp/cc4xEwoJ.ltrans1.ltrans.o
 .data          0x00000000        0x0 /tmp/cc4xEwoJ.ltrans1.ltrans.o
 .bss           0x00000000        0x0 /tmp/cc4xEwoJ.ltrans1.ltrans.o
 .data          0x00000000        0x0 /home/julian/MEGA/semestre_ix/Embebidos/arm-2013.11/bin/../lib/gcc/arm-none-eabi/4.8.1/thumb2/libgcc.a(_arm_addsubdf3.o)
 .bss           0x00000000        0x0 /home/julian/MEGA/semestre_ix/Embebidos/arm-2013.11/bin/../lib/gcc/arm-none-eabi/4.8.1/thumb2/libgcc.a(_arm_addsubdf3.o)
 .data          0x00000000        0x0 /home/julian/MEGA/semestre_ix/Embebidos/arm-2013.11/bin/../lib/gcc/arm-none-eabi/4.8.1/thumb2/libgcc.a(_arm_muldivdf3.o)
 .bss           0x00000000        0x0 /home/julian/MEGA/semestre_ix/Embebidos/arm-2013.11/bin/../lib/gcc/arm-none-eabi/4.8.1/thumb2/libgcc.a(_arm_muldivdf3.o)
 .data          0x00000000        0x0 /home/julian/MEGA/semestre_ix/Embebidos/arm-2013.11/bin/../lib/gcc/arm-none-eabi/4.8.1/thumb2/libgcc.a(_arm_fixdfsi.o)
 .bss           0x00000000        0x0 /home/julian/MEGA/semestre_ix/Embebidos/arm-2013.11/bin/../lib/gcc/arm-none-eabi/4.8.1/thumb2/libgcc.a(_arm_fixdfsi.o)
 .data          0x00000000        0x0 /home/julian/MEGA/semestre_ix/Embebidos/arm-2013.11/bin/../lib/gcc/arm-none-eabi/4.8.1/thumb2/libgcc.a(_arm_truncdfsf2.o)
 .bss           0x00000000        0x0 /home/julian/MEGA/semestre_ix/Embebidos/arm-2013.11/bin/../lib/gcc/arm-none-eabi/4.8.1/thumb2/libgcc.a(_arm_truncdfsf2.o)
 .data          0x00000000        0x0 /home/julian/MEGA/semestre_ix/Embebidos/arm-2013.11/bin/../lib/gcc/arm-none-eabi/4.8.1/thumb2/libgcc.a(_arm_cmpsf2.o)
 .bss           0x00000000        0x0 /home/julian/MEGA/semestre_ix/Embebidos/arm-2013.11/bin/../lib/gcc/arm-none-eabi/4.8.1/thumb2/libgcc.a(_arm_cmpsf2.o)
 .data          0x00000000        0x0 /home/julian/MEGA/semestre_ix/Embebidos/arm-2013.11/bin/../lib/gcc/arm-none-eabi/4.8.1/thumb2/libgcc.a(_arm_fixsfsi.o)
 .bss           0x00000000        0x0 /home/julian/MEGA/semestre_ix/Embebidos/arm-2013.11/bin/../lib/gcc/arm-none-eabi/4.8.1/thumb2/libgcc.a(_arm_fixsfsi.o)
 .text          0x00000000        0x0 build/obj/vectors.o (symbol from plugin)
 .text          0x00000000        0x0 build/obj/chsys.o (symbol from plugin)
 .text          0x00000000        0x0 build/obj/chdebug.o (symbol from plugin)
 .text          0x00000000        0x0 build/obj/chtrace.o (symbol from plugin)
 .text          0x00000000        0x0 build/obj/chvt.o (symbol from plugin)
 .text          0x00000000        0x0 build/obj/chschd.o (symbol from plugin)
 .text          0x00000000        0x0 build/obj/chthreads.o (symbol from plugin)
 .text          0x00000000        0x0 build/obj/chregistry.o (symbol from plugin)
 .text          0x00000000        0x0 build/obj/chsem.o (symbol from plugin)
 .text          0x00000000        0x0 build/obj/chmtx.o (symbol from plugin)
 .text          0x00000000        0x0 build/obj/chcond.o (symbol from plugin)
 .text          0x00000000        0x0 build/obj/chevents.o (symbol from plugin)
 .text          0x00000000        0x0 build/obj/chmsg.o (symbol from plugin)
 .text          0x00000000        0x0 build/obj/chdynamic.o (symbol from plugin)
[...]
Memory Configuration

Name             Origin             Length             Attributes
flash0           0x08000000         0x00020000
flash1           0x00000000         0x00000000
flash2           0x00000000         0x00000000
flash3           0x00000000         0x00000000
flash4           0x00000000         0x00000000
flash5           0x00000000         0x00000000
flash6           0x00000000         0x00000000
flash7           0x00000000         0x00000000
ram0             0x20000000         0x00002000
ram1             0x00000000         0x00000000
ram2             0x00000000         0x00000000
ram3             0x00000000         0x00000000
ram4             0x00000000         0x00000000
ram5             0x00000000         0x00000000
ram6             0x00000000         0x00000000
ram7             0x00000000         0x00000000
*default*        0x00000000         0xffffffff

Linker script and memory map

LOAD build/obj/crt0_v7m.o
LOAD build/obj/chcoreasm_v7m.o
LOAD build/obj/crt1.o
LOAD /tmp/cc4xEwoJ.ltrans0.ltrans.o
LOAD /tmp/cc4xEwoJ.ltrans1.ltrans.o
LOAD /home/julian/MEGA/semestre_ix/Embebidos/arm-2013.11/bin/../lib/gcc/arm-none-eabi/4.8.1/thumb2/libgcc.a
LOAD /home/julian/MEGA/semestre_ix/Embebidos/arm-2013.11/bin/../lib/gcc/arm-none-eabi/4.8.1/../../../../arm-none-eabi/lib/thumb2/libc.a
LOAD build/obj/vectors.o
LOAD build/obj/chsys.o
LOAD build/obj/chdebug.o
LOAD build/obj/chtrace.o
LOAD build/obj/chvt.o
LOAD build/obj/chschd.o
LOAD build/obj/chthreads.o
LOAD build/obj/chregistry.o
LOAD build/obj/chsem.o
LOAD build/obj/chmtx.o
LOAD build/obj/chcond.o
LOAD build/obj/chevents.o
LOAD build/obj/chmsg.o
LOAD build/obj/chdynamic.o
LOAD build/obj/chmboxes.o
LOAD build/obj/chmemcore.o
LOAD build/obj/chheap.o
LOAD build/obj/chmempools.o
LOAD build/obj/chcore.o
LOAD build/obj/chcore_v7m.o
LOAD build/obj/osal.o
LOAD build/obj/hal.o
LOAD build/obj/hal_st.o
LOAD build/obj/hal_buffers.o
LOAD build/obj/hal_queues.o
LOAD build/obj/hal_mmcsd.o
LOAD build/obj/hal_i2c.o
LOAD build/obj/hal_pal.o
LOAD build/obj/hal_serial.o
LOAD build/obj/nvic.o
LOAD build/obj/hal_lld.o
LOAD build/obj/stm32_dma.o
LOAD build/obj/hal_pal_lld.o
LOAD build/obj/hal_i2c_lld.o
LOAD build/obj/hal_st_lld.o
LOAD build/obj/hal_serial_lld.o
LOAD build/obj/board.o
LOAD build/obj/ch_test.o
LOAD build/obj/test_root.o
LOAD build/obj/test_sequence_001.o
LOAD build/obj/test_sequence_002.o
LOAD build/obj/test_sequence_003.o
LOAD build/obj/test_sequence_004.o
LOAD build/obj/test_sequence_005.o
LOAD build/obj/test_sequence_006.o
LOAD build/obj/test_sequence_007.o
LOAD build/obj/test_sequence_008.o
LOAD build/obj/test_sequence_009.o
LOAD build/obj/test_sequence_010.o
LOAD build/obj/test_sequence_011.o
LOAD build/obj/test_sequence_012.o
LOAD build/obj/test_sequence_013.o
LOAD build/obj/lcd.o
LOAD build/obj/chprintf.o
LOAD build/obj/main.o

.mstack         0x20000000      0x400
                0x20000000                . = ALIGN (0x8)
                0x20000000                __main_stack_base__ = .
                0x20000400                . = (. + __main_stack_size__)
 *fill*         0x20000000      0x400 
                0x20000400                . = ALIGN (0x8)
                0x20000400                __main_stack_end__ = .

.pstack         0x20000400      0x400
                0x20000400                __process_stack_base__ = .
                0x20000400                __main_thread_stack_base__ = .
                0x20000800                . = (. + __process_stack_size__)
 *fill*         0x20000400      0x400 
                0x20000800                . = ALIGN (0x8)
                0x20000800                __process_stack_end__ = .
                0x20000800                __main_thread_stack_end__ = .

.vectors        0x08000000      0x180
 *(.vectors)
 .vectors       0x08000000      0x180 /tmp/cc4xEwoJ.ltrans0.ltrans.o
                0x08000000                _vectors

.xtors          0x08000180        0x0
                0x08000180                __init_array_start = .
 *(SORT(.init_array.*))
 *(.init_array)
                0x08000180                __init_array_end = .
                0x08000180                __fini_array_start = .
 *(.fini_array)
 *(SORT(.fini_array.*))
                0x08000180                __fini_array_end = .

.text           0x08000180     0x28d0
 *(.text)
 .text          0x08000180       0xd4 build/obj/crt0_v7m.o
                0x08000180                Reset_Handler
 .text          0x08000254       0x28 build/obj/chcoreasm_v7m.o
                0x08000254                _port_switch
                0x08000264                _port_thread_start
                0x08000274                _port_switch_from_isr
                0x08000278                _port_exit_from_isr
 .text          0x0800027c      0x370 /home/julian/MEGA/semestre_ix/Embebidos/arm-2013.11/bin/../lib/gcc/arm-none-eabi/4.8.1/thumb2/libgcc.a(_arm_addsubdf3.o)
                0x0800027c                __aeabi_drsub
                0x08000284                __aeabi_dsub
                0x08000284                __subdf3
                0x08000288                __adddf3
                0x08000288                __aeabi_dadd
                0x08000500                __aeabi_ui2d
                0x08000500                __floatunsidf
                0x08000520                __floatsidf
                0x08000520                __aeabi_i2d
                0x08000544                __extendsfdf2
                0x08000544                __aeabi_f2d
                0x08000580                __aeabi_ul2d
                0x08000580                __floatundidf
                0x08000590                __floatdidf
                0x08000590                __aeabi_l2d
 .text          0x080005ec      0x424 /home/julian/MEGA/semestre_ix/Embebidos/arm-2013.11/bin/../lib/gcc/arm-none-eabi/4.8.1/thumb2/libgcc.a(_arm_muldivdf3.o)
                0x080005ec                __aeabi_dmul
                0x080005ec                __muldf3
                0x08000840                __aeabi_ddiv
                0x08000840                __divdf3
 .text          0x08000a10       0x50 /home/julian/MEGA/semestre_ix/Embebidos/arm-2013.11/bin/../lib/gcc/arm-none-eabi/4.8.1/thumb2/libgcc.a(_arm_fixdfsi.o)
                0x08000a10                __fixdfsi
                0x08000a10                __aeabi_d2iz
 .text          0x08000a60       0xa0 /home/julian/MEGA/semestre_ix/Embebidos/arm-2013.11/bin/../lib/gcc/arm-none-eabi/4.8.1/thumb2/libgcc.a(_arm_truncdfsf2.o)
                0x08000a60                __aeabi_d2f
                0x08000a60                __truncdfsf2
 .text          0x08000b00       0xec /home/julian/MEGA/semestre_ix/Embebidos/arm-2013.11/bin/../lib/gcc/arm-none-eabi/4.8.1/thumb2/libgcc.a(_arm_cmpsf2.o)
                0x08000b00                __gtsf2
                0x08000b00                __gesf2
                0x08000b08                __lesf2
                0x08000b08                __ltsf2
                0x08000b10                __nesf2
                0x08000b10                __eqsf2
                0x08000b10                __cmpsf2
                0x08000b70                __aeabi_cfrcmple
                0x08000b78                __aeabi_cfcmple
                0x08000b78                __aeabi_cfcmpeq
                0x08000b88                __aeabi_fcmpeq
                0x08000b9c                __aeabi_fcmplt
                0x08000bb0                __aeabi_fcmple
                0x08000bc4                __aeabi_fcmpge
                0x08000bd8                __aeabi_fcmpgt
 .text          0x08000bec       0x4c /home/julian/MEGA/semestre_ix/Embebidos/arm-2013.11/bin/../lib/gcc/arm-none-eabi/4.8.1/thumb2/libgcc.a(_arm_fixsfsi.o)
                0x08000bec                __fixsfsi
                0x08000bec                __aeabi_f2iz
 *(.text.*)
 *fill*         0x08000c38        0x8 
 .text.wakeup.4656.4242
                0x08000c40       0x80 /tmp/cc4xEwoJ.ltrans0.ltrans.o
 .text.i2c_lld_serve_tx_end_irq.8324
                0x08000cc0       0x50 /tmp/cc4xEwoJ.ltrans0.ltrans.o
                0x08000cc0                i2c_lld_serve_tx_end_irq.8324
 .text.chVTDoResetI.4421
                0x08000d10       0x80 /tmp/cc4xEwoJ.ltrans0.ltrans.o
 .text.chVTDoSetI.constprop.21.4455
                0x08000d90       0xb0 /tmp/cc4xEwoJ.ltrans0.ltrans.o
 .text.long_to_string_with_divisor.11509.4520
                0x08000e40       0x50 /tmp/cc4xEwoJ.ltrans0.ltrans.o
 .text.notify3.8706
                0x08000e90       0x20 /tmp/cc4xEwoJ.ltrans0.ltrans.o
                0x08000e90                notify3.8706
 .text._port_irq_epilogue.4543
                0x08000eb0       0x60 /tmp/cc4xEwoJ.ltrans0.ltrans.o
 .text.VectorB0.4442
                0x08000f10       0xb0 /tmp/cc4xEwoJ.ltrans0.ltrans.o
 .text.Vector84.4529
                0x08000fc0       0x40 /tmp/cc4xEwoJ.ltrans0.ltrans.o
 .text.Vector80.4531
                0x08001000       0x40 /tmp/cc4xEwoJ.ltrans0.ltrans.o
 .text.Vector7C.4533
                0x08001040       0x40 /tmp/cc4xEwoJ.ltrans0.ltrans.o
 .text.Vector78.4535
                0x08001080       0x40 /tmp/cc4xEwoJ.ltrans0.ltrans.o
 .text.Vector74.4537
                0x080010c0       0x40 /tmp/cc4xEwoJ.ltrans0.ltrans.o
 .text.Vector70.4539
                0x08001100       0x40 /tmp/cc4xEwoJ.ltrans0.ltrans.o
 .text.Vector6C.4541
                0x08001140       0x40 /tmp/cc4xEwoJ.ltrans0.ltrans.o
 .text.SVC_Handler.4552
                0x08001180       0x20 /tmp/cc4xEwoJ.ltrans0.ltrans.o
 .text.chCoreAllocAlignedWithOffset
                0x080011a0       0x50 /tmp/cc4xEwoJ.ltrans0.ltrans.o
                0x080011a0                chCoreAllocAlignedWithOffset
 .text.chSchReadyI.4571
                0x080011f0       0x30 /tmp/cc4xEwoJ.ltrans0.ltrans.o
 .text.VectorBC.4485
                0x08001220      0x120 /tmp/cc4xEwoJ.ltrans0.ltrans.o
 .text.VectorC0.4262
                0x08001340       0xe0 /tmp/cc4xEwoJ.ltrans0.ltrans.o
 .text.i2c_lld_serve_rx_end_irq.8328
                0x08001420       0x70 /tmp/cc4xEwoJ.ltrans0.ltrans.o
                0x08001420                i2c_lld_serve_rx_end_irq.8328
 .text.chEvtBroadcastFlagsI.4560
                0x08001490       0x60 /tmp/cc4xEwoJ.ltrans0.ltrans.o
 .text.VectorDC.4274
                0x080014f0      0x200 /tmp/cc4xEwoJ.ltrans0.ltrans.o
 .text._idle_thread.4305
                0x080016f0       0x10 /tmp/cc4xEwoJ.ltrans0.ltrans.o
                0x080016f0                _idle_thread.4305
 .text._unhandled_exception.4577
                0x08001700       0x10 /tmp/cc4xEwoJ.ltrans0.ltrans.o
 .text.chSchGoSleepS.4568
                0x08001710       0x30 /tmp/cc4xEwoJ.ltrans0.ltrans.o
 .text.chSchGoSleepTimeoutS.4340
                0x08001740       0x50 /tmp/cc4xEwoJ.ltrans0.ltrans.o
 .text.chThdEnqueueTimeoutS.4417
                0x08001790       0x30 /tmp/cc4xEwoJ.ltrans0.ltrans.o
 .text.iqGetTimeout.4358
                0x080017c0       0x60 /tmp/cc4xEwoJ.ltrans0.ltrans.o
 .text._gett.7843
                0x08001820       0x10 /tmp/cc4xEwoJ.ltrans0.ltrans.o
                0x08001820                _gett.7843
 .text._get.7847
                0x08001830       0x10 /tmp/cc4xEwoJ.ltrans0.ltrans.o
                0x08001830                _get.7847
 .text.iqReadTimeout.4376
                0x08001840       0xc0 /tmp/cc4xEwoJ.ltrans0.ltrans.o
 .text._readt.7819
                0x08001900       0x10 /tmp/cc4xEwoJ.ltrans0.ltrans.o
                0x08001900                _readt.7819
 .text._read.7827
                0x08001910       0x10 /tmp/cc4xEwoJ.ltrans0.ltrans.o
                0x08001910                _read.7827
 .text.oqPutTimeout.4391
                0x08001920       0x60 /tmp/cc4xEwoJ.ltrans0.ltrans.o
 .text._putt.7850
                0x08001980       0x10 /tmp/cc4xEwoJ.ltrans0.ltrans.o
                0x08001980                _putt.7850
 .text._put.7855
                0x08001990       0x10 /tmp/cc4xEwoJ.ltrans0.ltrans.o
                0x08001990                _put.7855
 .text.oqWriteTimeout.4411
                0x080019a0       0xb0 /tmp/cc4xEwoJ.ltrans0.ltrans.o
 .text._writet.7832
                0x08001a50       0x10 /tmp/cc4xEwoJ.ltrans0.ltrans.o
                0x08001a50                _writet.7832
 .text._write.7838
                0x08001a60       0x10 /tmp/cc4xEwoJ.ltrans0.ltrans.o
                0x08001a60                _write.7838
 .text.chThdExit
                0x08001a70       0x60 /tmp/cc4xEwoJ.ltrans0.ltrans.o
                0x08001a70                chThdExit
 .text.chSchDoReschedule
                0x08001ad0       0x40 /tmp/cc4xEwoJ.ltrans0.ltrans.o
                0x08001ad0                chSchDoReschedule
 .text.__init_ram_areas
                0x08001b10       0x60 /tmp/cc4xEwoJ.ltrans0.ltrans.o
                0x08001b10                __init_ram_areas
 .text.__default_exit
                0x08001b70       0x10 /tmp/cc4xEwoJ.ltrans0.ltrans.o
                0x08001b70                __default_exit
 .text.__late_init
                0x08001b80       0x10 /tmp/cc4xEwoJ.ltrans0.ltrans.o
                0x08001b80                __late_init
 .text.__core_init
                0x08001b90       0x10 /tmp/cc4xEwoJ.ltrans0.ltrans.o
                0x08001b90                __core_init
 .text.i2cMasterTransmitTimeout.constprop.11
                0x08001ba0       0xc0 /tmp/cc4xEwoJ.ltrans0.ltrans.o
                0x08001ba0                i2cMasterTransmitTimeout.constprop.11
 .text.chThdSleep
                0x08001c60       0x20 /tmp/cc4xEwoJ.ltrans0.ltrans.o
                0x08001c60                chThdSleep
 .text.hd44780WriteRegister.11289.constprop.6
                0x08001c80       0x80 /tmp/cc4xEwoJ.ltrans0.ltrans.o
                0x08001c80                hd44780WriteRegister.11289.constprop.6
 .text.dmaStreamAllocate.constprop.13
                0x08001d00       0xb0 /tmp/cc4xEwoJ.ltrans0.ltrans.o
                0x08001d00                dmaStreamAllocate.constprop.13
 .text._pal_lld_setgroupmode.constprop.10
                0x08001db0       0x60 /tmp/cc4xEwoJ.ltrans0.ltrans.o
                0x08001db0                _pal_lld_setgroupmode.constprop.10
 .text.chprintf.constprop.0
                0x08001e10      0x440 /tmp/cc4xEwoJ.ltrans0.ltrans.o
                0x08001e10                chprintf.constprop.0
 .text.startup.main
                0x08002250      0x760 /tmp/cc4xEwoJ.ltrans1.ltrans.o
                0x08002250                main
 .text.__early_init
                0x080029b0       0xa0 /tmp/cc4xEwoJ.ltrans1.ltrans.o
                0x080029b0                __early_init
 *(.glue_7t)
 .glue_7t       0x00000000        0x0 linker stubs
 *(.glue_7)
 .glue_7        0x00000000        0x0 linker stubs
 *(.gcc*)

.vfp11_veneer   0x08002a50        0x0
 .vfp11_veneer  0x00000000        0x0 linker stubs

.v4_bx          0x08002a50        0x0
 .v4_bx         0x00000000        0x0 linker stubs

.iplt           0x08002a50        0x0
 .iplt          0x00000000        0x0 build/obj/crt0_v7m.o

.rodata         0x08002a50      0x1c8
                0x08002a50                . = ALIGN (0x4)
                0x08002a50                __rodata_base__ = .
 *(.rodata)
 *(.rodata.*)
 .rodata.ram_areas.4019.4694
                0x08002a50       0x80 /tmp/cc4xEwoJ.ltrans0.ltrans.o
 .rodata.str1.4
                0x08002ad0       0x23 /tmp/cc4xEwoJ.ltrans0.ltrans.o
                                 0x24 (size before relaxing)
 *fill*         0x08002af3        0x1 
 .rodata.pow10.11562.4734
                0x08002af4       0x24 /tmp/cc4xEwoJ.ltrans0.ltrans.o
 .rodata.str1.4
                0x08002b18       0x20 /tmp/cc4xEwoJ.ltrans1.ltrans.o
                                 0x30 (size before relaxing)
 .rodata.lcdcfg.11813.4574
                0x08002b38       0x10 /tmp/cc4xEwoJ.ltrans1.ltrans.o
 .rodata.ch_debug
                0x08002b48       0x18 /tmp/cc4xEwoJ.ltrans1.ltrans.o
 .rodata.i2ccfg.11815.4576
                0x08002b60        0xc /tmp/cc4xEwoJ.ltrans1.ltrans.o
 .rodata._stm32_dma_streams
                0x08002b6c       0x8c /tmp/cc4xEwoJ.ltrans1.ltrans.o
 .rodata.vmt.7937.4632
                0x08002bf8       0x20 /tmp/cc4xEwoJ.ltrans1.ltrans.o
                0x08002c18                . = ALIGN (0x4)
                0x08002c18                __rodata_end__ = .

.rel.dyn        0x08002c18        0x0
 .rel.iplt      0x00000000        0x0 build/obj/crt0_v7m.o

.ARM.extab
 *(.ARM.extab* .gnu.linkonce.armextab.*)

.ARM.exidx      0x08002c18        0x0
                0x08002c18                __exidx_start = .
 *(.ARM.exidx* .gnu.linkonce.armexidx.*)
                0x08002c18                __exidx_end = .

.eh_frame_hdr
 *(.eh_frame_hdr)

.eh_frame
 *(.eh_frame)
                0x20000000                __ram0_start__ = ORIGIN (ram0)
                0x00002000                __ram0_size__ = 0x2000
                0x20002000                __ram0_end__ = (__ram0_start__ + __ram0_size__)
                0x00000000                __ram1_start__ = ORIGIN (ram1)
                0x00000000                __ram1_size__ = 0x0
                0x00000000                __ram1_end__ = (__ram1_start__ + __ram1_size__)
                0x00000000                __ram2_start__ = ORIGIN (ram2)
                0x00000000                __ram2_size__ = 0x0
                0x00000000                __ram2_end__ = (__ram2_start__ + __ram2_size__)
                0x00000000                __ram3_start__ = ORIGIN (ram3)
                0x00000000                __ram3_size__ = 0x0
                0x00000000                __ram3_end__ = (__ram3_start__ + __ram3_size__)
                0x00000000                __ram4_start__ = ORIGIN (ram4)
                0x00000000                __ram4_size__ = 0x0
                0x00000000                __ram4_end__ = (__ram4_start__ + __ram4_size__)
                0x00000000                __ram5_start__ = ORIGIN (ram5)
                0x00000000                __ram5_size__ = 0x0
                0x00000000                __ram5_end__ = (__ram5_start__ + __ram5_size__)
                0x00000000                __ram6_start__ = ORIGIN (ram6)
                0x00000000                __ram6_size__ = 0x0
                0x00000000                __ram6_end__ = (__ram6_start__ + __ram6_size__)
                0x00000000                __ram7_start__ = ORIGIN (ram7)
                0x00000000                __ram7_size__ = 0x0
                0x00000000                __ram7_end__ = (__ram7_start__ + __ram7_size__)

.data           0x20000800        0x0 load address 0x08002c18
                0x20000800                . = ALIGN (0x4)
                0x08002c18                PROVIDE (_textdata, LOADADDR (.data))
                0x20000800                PROVIDE (_data, .)
                0x08002c18                _textdata_start = LOADADDR (.data)
                0x20000800                _data_start = .
 *(.data)
 *(.data.*)
 *(.ramtext)
                0x20000800                . = ALIGN (0x4)
                0x20000800                PROVIDE (_edata, .)
                0x20000800                _data_end = .

.igot.plt       0x20000800        0x0 load address 0x08002c18
 .igot.plt      0x00000000        0x0 build/obj/crt0_v7m.o

.bss            0x20000800      0x26c load address 0x08002c18
                0x20000800                . = ALIGN (0x4)
                0x20000800                _bss_start = .
 *(.bss)
 *(.bss.*)
 .bss._stm32_dma_isr_redir
                0x20000800       0x38 /tmp/cc4xEwoJ.ltrans1.ltrans.o
                0x20000800                _stm32_dma_isr_redir
 .bss.LCDD1     0x20000838        0x8 /tmp/cc4xEwoJ.ltrans1.ltrans.o
                0x20000838                LCDD1
 .bss.dma_streams_mask.8122
                0x20000840        0x4 /tmp/cc4xEwoJ.ltrans1.ltrans.o
                0x20000840                dma_streams_mask.8122
 .bss.ch        0x20000844       0x70 /tmp/cc4xEwoJ.ltrans1.ltrans.o
                0x20000844                ch
 *fill*         0x200008b4        0x4 
 .bss.ch_idle_thread_wa.4578
                0x200008b8       0xd8 /tmp/cc4xEwoJ.ltrans1.ltrans.o
 .bss.ch_memcore
                0x20000990        0x8 /tmp/cc4xEwoJ.ltrans1.ltrans.o
                0x20000990                ch_memcore
 .bss.default_heap.6684.4611
                0x20000998       0x20 /tmp/cc4xEwoJ.ltrans1.ltrans.o
 .bss.I2CD1     0x200009b8       0x38 /tmp/cc4xEwoJ.ltrans1.ltrans.o
                0x200009b8                I2CD1
 .bss.SD3       0x200009f0       0x7c /tmp/cc4xEwoJ.ltrans1.ltrans.o
                0x200009f0                SD3
 *(COMMON)
                0x20000a6c                . = ALIGN (0x4)
                0x20000a6c                _bss_end = .
                0x20000a6c                PROVIDE (end, .)

.ram0_init      0x20000a6c        0x0 load address 0x08002c18
                0x20000a6c                . = ALIGN (0x4)
                0x08002c18                __ram0_init_text__ = LOADADDR (.ram0_init)
                0x20000a6c                __ram0_init__ = .
 *(.ram0_init)
 *(.ram0_init.*)
                0x20000a6c                . = ALIGN (0x4)

.ram0           0x20000a6c        0x0 load address 0x08002c18
                0x20000a6c                . = ALIGN (0x4)
                0x20000a6c                __ram0_clear__ = .
 *(.ram0_clear)
 *(.ram0_clear.*)
                0x20000a6c                . = ALIGN (0x4)
                0x20000a6c                __ram0_noinit__ = .
 *(.ram0)
 *(.ram0.*)
                0x20000a6c                . = ALIGN (0x4)
                0x20000a6c                __ram0_free__ = .

.ram1_init      0x00000000        0x0 load address 0x08002c18
                0x00000000                . = ALIGN (0x4)
                0x08002c18                __ram1_init_text__ = LOADADDR (.ram1_init)
                0x00000000                __ram1_init__ = .
 *(.ram1_init)
 *(.ram1_init.*)
                0x00000000                . = ALIGN (0x4)

.ram1           0x00000000        0x0 load address 0x08002c18
                0x00000000                . = ALIGN (0x4)
                0x00000000                __ram1_clear__ = .
 *(.ram1_clear)
 *(.ram1_clear.*)
                0x00000000                . = ALIGN (0x4)
                0x00000000                __ram1_noinit__ = .
 *(.ram1)
 *(.ram1.*)
                0x00000000                . = ALIGN (0x4)
                0x00000000                __ram1_free__ = .

.ram2_init      0x00000000        0x0 load address 0x08002c18
                0x00000000                . = ALIGN (0x4)
                0x08002c18                __ram2_init_text__ = LOADADDR (.ram2_init)
                0x00000000                __ram2_init__ = .
 *(.ram2_init)
 *(.ram2_init.*)
                0x00000000                . = ALIGN (0x4)

.ram2           0x00000000        0x0 load address 0x08002c18
                0x00000000                . = ALIGN (0x4)
                0x00000000                __ram2_clear__ = .
 *(.ram2_clear)
 *(.ram2_clear.*)
                0x00000000                . = ALIGN (0x4)
                0x00000000                __ram2_noinit__ = .
 *(.ram2)
 *(.ram2.*)
                0x00000000                . = ALIGN (0x4)
                0x00000000                __ram2_free__ = .

.ram3_init      0x00000000        0x0 load address 0x08002c18
                0x00000000                . = ALIGN (0x4)
                0x08002c18                __ram3_init_text__ = LOADADDR (.ram3_init)
                0x00000000                __ram3_init__ = .
 *(.ram3_init)
 *(.ram3_init.*)
                0x00000000                . = ALIGN (0x4)

.ram3           0x00000000        0x0 load address 0x08002c18
                0x00000000                . = ALIGN (0x4)
                0x00000000                __ram3_clear__ = .
 *(.ram3_clear)
 *(.ram3_clear.*)
                0x00000000                . = ALIGN (0x4)
                0x00000000                __ram3_noinit__ = .
 *(.ram3)
 *(.ram3.*)
                0x00000000                . = ALIGN (0x4)
                0x00000000                __ram3_free__ = .

.ram4_init      0x00000000        0x0 load address 0x08002c18
                0x00000000                . = ALIGN (0x4)
                0x08002c18                __ram4_init_text__ = LOADADDR (.ram4_init)
                0x00000000                __ram4_init__ = .
 *(.ram4_init)
 *(.ram4_init.*)
                0x00000000                . = ALIGN (0x4)

.ram4           0x00000000        0x0 load address 0x08002c18
                0x00000000                . = ALIGN (0x4)
                0x00000000                __ram4_clear__ = .
 *(.ram4_clear)
 *(.ram4_clear.*)
                0x00000000                . = ALIGN (0x4)
                0x00000000                __ram4_noinit__ = .
 *(.ram4)
 *(.ram4.*)
                0x00000000                . = ALIGN (0x4)
                0x00000000                __ram4_free__ = .

.ram5_init      0x00000000        0x0 load address 0x08002c18
                0x00000000                . = ALIGN (0x4)
                0x08002c18                __ram5_init_text__ = LOADADDR (.ram5_init)
                0x00000000                __ram5_init__ = .
 *(.ram5_init)
 *(.ram5_init.*)
                0x00000000                . = ALIGN (0x4)

.ram5           0x00000000        0x0 load address 0x08002c18
                0x00000000                . = ALIGN (0x4)
                0x00000000                __ram5_clear__ = .
 *(.ram5_clear)
 *(.ram5_clear.*)
                0x00000000                . = ALIGN (0x4)
                0x00000000                __ram5_noinit__ = .
 *(.ram5)
 *(.ram5.*)
                0x00000000                . = ALIGN (0x4)
                0x00000000                __ram5_free__ = .

.ram6_init      0x00000000        0x0 load address 0x08002c18
                0x00000000                . = ALIGN (0x4)
                0x08002c18                __ram6_init_text__ = LOADADDR (.ram6_init)
                0x00000000                __ram6_init__ = .
 *(.ram6_init)
 *(.ram6_init.*)
                0x00000000                . = ALIGN (0x4)

.ram6           0x00000000        0x0 load address 0x08002c18
                0x00000000                . = ALIGN (0x4)
                0x00000000                __ram6_clear__ = .
 *(.ram6_clear)
 *(.ram6_clear.*)
                0x00000000                . = ALIGN (0x4)
                0x00000000                __ram6_noinit__ = .
 *(.ram6)
 *(.ram6.*)
                0x00000000                . = ALIGN (0x4)
                0x00000000                __ram6_free__ = .

.ram7_init      0x00000000        0x0 load address 0x08002c18
                0x00000000                . = ALIGN (0x4)
                0x08002c18                __ram7_init_text__ = LOADADDR (.ram7_init)
                0x00000000                __ram7_init__ = .
 *(.ram7_init)
 *(.ram7_init.*)
                0x00000000                . = ALIGN (0x4)

.ram7           0x00000000        0x0 load address 0x08002c18
                0x00000000                . = ALIGN (0x4)
                0x00000000                __ram7_clear__ = .
 *(.ram7_clear)
 *(.ram7_clear.*)
                0x00000000                . = ALIGN (0x4)
                0x00000000                __ram7_noinit__ = .
 *(.ram7)
 *(.ram7.*)
                0x00000000                . = ALIGN (0x4)
                0x00000000                __ram7_free__ = .

.heap           0x20000a6c     0x1594
                0x20000a70                . = ALIGN (0x8)
 *fill*         0x20000a6c        0x4 
                0x20000a70                __heap_base__ = .
                0x20002000                . = (ORIGIN (HEAP_RAM) + 0x2000)
 *fill*         0x20000a70     0x1590 
                0x20002000                __heap_end__ = .
                0x00000400                __process_stack_size__ = 0x400
                0x00000400                __main_stack_size__ = 0x400
START GROUP
LOAD /home/julian/MEGA/semestre_ix/Embebidos/arm-2013.11/bin/../lib/gcc/arm-none-eabi/4.8.1/thumb2/libgcc.a
LOAD /home/julian/MEGA/semestre_ix/Embebidos/arm-2013.11/bin/../lib/gcc/arm-none-eabi/4.8.1/../../../../arm-none-eabi/lib/thumb2/libc.a
END GROUP
OUTPUT(build/ch.elf elf32-littlearm)

.ARM.attributes
                0x00000000       0x2d
 .ARM.attributes
                0x00000000       0x21 build/obj/crt0_v7m.o
 .ARM.attributes
                0x00000021       0x21 build/obj/chcoreasm_v7m.o
 .ARM.attributes
                0x00000042       0x31 /tmp/cc4xEwoJ.ltrans0.ltrans.o
 .ARM.attributes
                0x00000073       0x31 /tmp/cc4xEwoJ.ltrans1.ltrans.o
 .ARM.attributes
                0x000000a4       0x19 /home/julian/MEGA/semestre_ix/Embebidos/arm-2013.11/bin/../lib/gcc/arm-none-eabi/4.8.1/thumb2/libgcc.a(_arm_addsubdf3.o)
 .ARM.attributes
                0x000000bd       0x19 /home/julian/MEGA/semestre_ix/Embebidos/arm-2013.11/bin/../lib/gcc/arm-none-eabi/4.8.1/thumb2/libgcc.a(_arm_muldivdf3.o)
 .ARM.attributes
                0x000000d6       0x19 /home/julian/MEGA/semestre_ix/Embebidos/arm-2013.11/bin/../lib/gcc/arm-none-eabi/4.8.1/thumb2/libgcc.a(_arm_fixdfsi.o)
 .ARM.attributes
                0x000000ef       0x19 /home/julian/MEGA/semestre_ix/Embebidos/arm-2013.11/bin/../lib/gcc/arm-none-eabi/4.8.1/thumb2/libgcc.a(_arm_truncdfsf2.o)
 .ARM.attributes
                0x00000108       0x19 /home/julian/MEGA/semestre_ix/Embebidos/arm-2013.11/bin/../lib/gcc/arm-none-eabi/4.8.1/thumb2/libgcc.a(_arm_cmpsf2.o)
 .ARM.attributes
                0x00000121       0x19 /home/julian/MEGA/semestre_ix/Embebidos/arm-2013.11/bin/../lib/gcc/arm-none-eabi/4.8.1/thumb2/libgcc.a(_arm_fixsfsi.o)

.comment        0x00000000       0x30
 .comment       0x00000000       0x30 /tmp/cc4xEwoJ.ltrans0.ltrans.o
                                 0x31 (size before relaxing)
 .comment       0x00000000       0x31 /tmp/cc4xEwoJ.ltrans1.ltrans.o

.debug_info     0x00000000     0x7e9d
 .debug_info    0x00000000     0x559a /tmp/cc4xEwoJ.ltrans0.ltrans.o
 .debug_info    0x0000559a     0x2903 /tmp/cc4xEwoJ.ltrans1.ltrans.o

.debug_abbrev   0x00000000      0xbda
 .debug_abbrev  0x00000000      0x721 /tmp/cc4xEwoJ.ltrans0.ltrans.o
 .debug_abbrev  0x00000721      0x4b9 /tmp/cc4xEwoJ.ltrans1.ltrans.o

.debug_loc      0x00000000     0x2c22
 .debug_loc     0x00000000     0x2613 /tmp/cc4xEwoJ.ltrans0.ltrans.o
 .debug_loc     0x00002613      0x60f /tmp/cc4xEwoJ.ltrans1.ltrans.o

.debug_aranges  0x00000000      0x1e0
 .debug_aranges
                0x00000000      0x1b8 /tmp/cc4xEwoJ.ltrans0.ltrans.o
 .debug_aranges
                0x000001b8       0x28 /tmp/cc4xEwoJ.ltrans1.ltrans.o

.debug_ranges   0x00000000     0x11c0
 .debug_ranges  0x00000000      0x910 /tmp/cc4xEwoJ.ltrans0.ltrans.o
 .debug_ranges  0x00000910      0x8b0 /tmp/cc4xEwoJ.ltrans1.ltrans.o

.debug_line     0x00000000     0x1ef5
 .debug_line    0x00000000     0x1360 /tmp/cc4xEwoJ.ltrans0.ltrans.o
 .debug_line    0x00001360      0xb95 /tmp/cc4xEwoJ.ltrans1.ltrans.o

.debug_str      0x00000000     0x1d0d
 .debug_str     0x00000000     0x1350 /tmp/cc4xEwoJ.ltrans0.ltrans.o
                               0x144e (size before relaxing)
 .debug_str     0x00001350      0x9bd /tmp/cc4xEwoJ.ltrans1.ltrans.o
                               0x1325 (size before relaxing)

.debug_frame    0x00000000      0x554
 .debug_frame   0x00000000      0x518 /tmp/cc4xEwoJ.ltrans0.ltrans.o
 .debug_frame   0x00000518       0x3c /tmp/cc4xEwoJ.ltrans1.ltrans.o

Cross Reference Table

Symbol                                            File
BusFault_Handler                                  build/obj/vectors.o (symbol from plugin)
DebugMon_Handler                                  build/obj/vectors.o (symbol from plugin)
HardFault_Handler                                 build/obj/vectors.o (symbol from plugin)
I2CD1                                             /tmp/cc4xEwoJ.ltrans1.ltrans.o
                                                  build/obj/hal_i2c_lld.o (symbol from plugin)
                                                  /tmp/cc4xEwoJ.ltrans0.ltrans.o
                                                  build/obj/main.o (symbol from plugin)
LCDD1                                             /tmp/cc4xEwoJ.ltrans1.ltrans.o
                                                  build/obj/lcd.o (symbol from plugin)
                                                  /tmp/cc4xEwoJ.ltrans0.ltrans.o
                                                  build/obj/main.o (symbol from plugin)
MemManage_Handler                                 build/obj/vectors.o (symbol from plugin)
NMI_Handler                                       build/obj/vectors.o (symbol from plugin)
PendSV_Handler                                    build/obj/vectors.o (symbol from plugin)
Reset_Handler                                     build/obj/crt0_v7m.o
                                                  /tmp/cc4xEwoJ.ltrans0.ltrans.o
                                                  build/obj/vectors.o (symbol from plugin)
SD3                                               /tmp/cc4xEwoJ.ltrans1.ltrans.o
                                                  build/obj/hal_serial_lld.o (symbol from plugin)
                                                  /tmp/cc4xEwoJ.ltrans0.ltrans.o
                                                  build/obj/main.o (symbol from plugin)
SVC_Handler                                       build/obj/chcore_v7m.o (symbol from plugin)
                                                  build/obj/vectors.o (symbol from plugin)
SysTick_Handler                                   build/obj/vectors.o (symbol from plugin)
SystemCoreClock                                   build/obj/hal_lld.o (symbol from plugin)
UsageFault_Handler                                build/obj/vectors.o (symbol from plugin)
Vector100                                         build/obj/vectors.o (symbol from plugin)
Vector104                                         build/obj/vectors.o (symbol from plugin)
Vector108                                         build/obj/vectors.o (symbol from plugin)
Vector10C                                         build/obj/vectors.o (symbol from plugin)
Vector110                                         build/obj/vectors.o (symbol from plugin)
Vector114                                         build/obj/vectors.o (symbol from plugin)
Vector118                                         build/obj/vectors.o (symbol from plugin)
Vector11C                                         build/obj/vectors.o (symbol from plugin)
Vector120                                         build/obj/vectors.o (symbol from plugin)
Vector124                                         build/obj/vectors.o (symbol from plugin)
Vector128                                         build/obj/vectors.o (symbol from plugin)
Vector12C                                         build/obj/vectors.o (symbol from plugin)
Vector130                                         build/obj/vectors.o (symbol from plugin)
Vector134                                         build/obj/vectors.o (symbol from plugin)
Vector138                                         build/obj/vectors.o (symbol from plugin)
Vector13C                                         build/obj/vectors.o (symbol from plugin)
Vector140                                         build/obj/vectors.o (symbol from plugin)
Vector144                                         build/obj/vectors.o (symbol from plugin)
Vector148                                         build/obj/vectors.o (symbol from plugin)
Vector14C                                         build/obj/vectors.o (symbol from plugin)
Vector150                                         build/obj/vectors.o (symbol from plugin)
Vector154                                         build/obj/vectors.o (symbol from plugin)
Vector158                                         build/obj/vectors.o (symbol from plugin)
Vector15C                                         build/obj/vectors.o (symbol from plugin)
Vector1C                                          build/obj/vectors.o (symbol from plugin)
Vector20                                          build/obj/vectors.o (symbol from plugin)
Vector24                                          build/obj/vectors.o (symbol from plugin)
Vector28                                          build/obj/vectors.o (symbol from plugin)
Vector34                                          build/obj/vectors.o (symbol from plugin)
Vector40                                          build/obj/vectors.o (symbol from plugin)
Vector44                                          build/obj/vectors.o (symbol from plugin)
Vector48                                          build/obj/vectors.o (symbol from plugin)
Vector4C                                          build/obj/vectors.o (symbol from plugin)
Vector50                                          build/obj/vectors.o (symbol from plugin)
Vector54                                          build/obj/vectors.o (symbol from plugin)
Vector58                                          build/obj/vectors.o (symbol from plugin)
Vector5C                                          build/obj/vectors.o (symbol from plugin)
Vector60                                          build/obj/vectors.o (symbol from plugin)
Vector64                                          build/obj/vectors.o (symbol from plugin)
Vector68                                          build/obj/vectors.o (symbol from plugin)
Vector6C                                          build/obj/stm32_dma.o (symbol from plugin)
                                                  build/obj/vectors.o (symbol from plugin)
Vector70                                          build/obj/stm32_dma.o (symbol from plugin)
                                                  build/obj/vectors.o (symbol from plugin)
Vector74                                          build/obj/stm32_dma.o (symbol from plugin)
                                                  build/obj/vectors.o (symbol from plugin)
Vector78                                          build/obj/stm32_dma.o (symbol from plugin)
                                                  build/obj/vectors.o (symbol from plugin)
Vector7C                                          build/obj/stm32_dma.o (symbol from plugin)
                                                  build/obj/vectors.o (symbol from plugin)
Vector80                                          build/obj/stm32_dma.o (symbol from plugin)
                                                  build/obj/vectors.o (symbol from plugin)
Vector84                                          build/obj/stm32_dma.o (symbol from plugin)
                                                  build/obj/vectors.o (symbol from plugin)
Vector88                                          build/obj/vectors.o (symbol from plugin)
Vector8C                                          build/obj/vectors.o (symbol from plugin)
Vector90                                          build/obj/vectors.o (symbol from plugin)
Vector94                                          build/obj/vectors.o (symbol from plugin)
Vector98                                          build/obj/vectors.o (symbol from plugin)
Vector9C                                          build/obj/vectors.o (symbol from plugin)
VectorA0                                          build/obj/vectors.o (symbol from plugin)
VectorA4                                          build/obj/vectors.o (symbol from plugin)
VectorA8                                          build/obj/vectors.o (symbol from plugin)
VectorAC                                          build/obj/vectors.o (symbol from plugin)
VectorB0                                          build/obj/hal_st_lld.o (symbol from plugin)
                                                  build/obj/vectors.o (symbol from plugin)
VectorB4                                          build/obj/vectors.o (symbol from plugin)
VectorB8                                          build/obj/vectors.o (symbol from plugin)
VectorBC                                          build/obj/hal_i2c_lld.o (symbol from plugin)
                                                  build/obj/vectors.o (symbol from plugin)
VectorC0                                          build/obj/hal_i2c_lld.o (symbol from plugin)
                                                  build/obj/vectors.o (symbol from plugin)
VectorC4                                          build/obj/vectors.o (symbol from plugin)
VectorC8                                          build/obj/vectors.o (symbol from plugin)
VectorCC                                          build/obj/vectors.o (symbol from plugin)
VectorD0                                          build/obj/vectors.o (symbol from plugin)
VectorD4                                          build/obj/vectors.o (symbol from plugin)
VectorD8                                          build/obj/vectors.o (symbol from plugin)
VectorDC                                          build/obj/hal_serial_lld.o (symbol from plugin)
                                                  build/obj/vectors.o (symbol from plugin)
VectorE0                                          build/obj/vectors.o (symbol from plugin)
VectorE4                                          build/obj/vectors.o (symbol from plugin)
VectorE8                                          build/obj/vectors.o (symbol from plugin)
VectorEC                                          build/obj/vectors.o (symbol from plugin)
VectorF0                                          build/obj/vectors.o (symbol from plugin)
VectorF4                                          build/obj/vectors.o (symbol from plugin)
VectorF8                                          build/obj/vectors.o (symbol from plugin)
VectorFC                                          build/obj/vectors.o (symbol from plugin)
__adddf3                                          /home/julian/MEGA/semestre_ix/Embebidos/arm-2013.11/bin/../lib/gcc/arm-none-eabi/4.8.1/thumb2/libgcc.a(_arm_addsubdf3.o)
__aeabi_cfcmpeq                                   /home/julian/MEGA/semestre_ix/Embebidos/arm-2013.11/bin/../lib/gcc/arm-none-eabi/4.8.1/thumb2/libgcc.a(_arm_cmpsf2.o)
__aeabi_cfcmple                                   /home/julian/MEGA/semestre_ix/Embebidos/arm-2013.11/bin/../lib/gcc/arm-none-eabi/4.8.1/thumb2/libgcc.a(_arm_cmpsf2.o)
__aeabi_cfrcmple                                  /home/julian/MEGA/semestre_ix/Embebidos/arm-2013.11/bin/../lib/gcc/arm-none-eabi/4.8.1/thumb2/libgcc.a(_arm_cmpsf2.o)
__aeabi_d2f                                       /home/julian/MEGA/semestre_ix/Embebidos/arm-2013.11/bin/../lib/gcc/arm-none-eabi/4.8.1/thumb2/libgcc.a(_arm_truncdfsf2.o)
                                                  /tmp/cc4xEwoJ.ltrans0.ltrans.o
__aeabi_d2iz                                      /home/julian/MEGA/semestre_ix/Embebidos/arm-2013.11/bin/../lib/gcc/arm-none-eabi/4.8.1/thumb2/libgcc.a(_arm_fixdfsi.o)
                                                  /tmp/cc4xEwoJ.ltrans0.ltrans.o
__aeabi_dadd                                      /home/julian/MEGA/semestre_ix/Embebidos/arm-2013.11/bin/../lib/gcc/arm-none-eabi/4.8.1/thumb2/libgcc.a(_arm_addsubdf3.o)
__aeabi_ddiv                                      /home/julian/MEGA/semestre_ix/Embebidos/arm-2013.11/bin/../lib/gcc/arm-none-eabi/4.8.1/thumb2/libgcc.a(_arm_muldivdf3.o)
__aeabi_dmul                                      /home/julian/MEGA/semestre_ix/Embebidos/arm-2013.11/bin/../lib/gcc/arm-none-eabi/4.8.1/thumb2/libgcc.a(_arm_muldivdf3.o)
                                                  /tmp/cc4xEwoJ.ltrans0.ltrans.o
__aeabi_drsub                                     /home/julian/MEGA/semestre_ix/Embebidos/arm-2013.11/bin/../lib/gcc/arm-none-eabi/4.8.1/thumb2/libgcc.a(_arm_addsubdf3.o)
__aeabi_dsub                                      /home/julian/MEGA/semestre_ix/Embebidos/arm-2013.11/bin/../lib/gcc/arm-none-eabi/4.8.1/thumb2/libgcc.a(_arm_addsubdf3.o)
                                                  /tmp/cc4xEwoJ.ltrans0.ltrans.o
__aeabi_f2d                                       /home/julian/MEGA/semestre_ix/Embebidos/arm-2013.11/bin/../lib/gcc/arm-none-eabi/4.8.1/thumb2/libgcc.a(_arm_addsubdf3.o)
                                                  /tmp/cc4xEwoJ.ltrans0.ltrans.o
__aeabi_f2iz                                      /home/julian/MEGA/semestre_ix/Embebidos/arm-2013.11/bin/../lib/gcc/arm-none-eabi/4.8.1/thumb2/libgcc.a(_arm_fixsfsi.o)
                                                  /tmp/cc4xEwoJ.ltrans0.ltrans.o
__aeabi_fcmpeq                                    /home/julian/MEGA/semestre_ix/Embebidos/arm-2013.11/bin/../lib/gcc/arm-none-eabi/4.8.1/thumb2/libgcc.a(_arm_cmpsf2.o)
__aeabi_fcmpge                                    /home/julian/MEGA/semestre_ix/Embebidos/arm-2013.11/bin/../lib/gcc/arm-none-eabi/4.8.1/thumb2/libgcc.a(_arm_cmpsf2.o)
__aeabi_fcmpgt                                    /home/julian/MEGA/semestre_ix/Embebidos/arm-2013.11/bin/../lib/gcc/arm-none-eabi/4.8.1/thumb2/libgcc.a(_arm_cmpsf2.o)
__aeabi_fcmple                                    /home/julian/MEGA/semestre_ix/Embebidos/arm-2013.11/bin/../lib/gcc/arm-none-eabi/4.8.1/thumb2/libgcc.a(_arm_cmpsf2.o)
__aeabi_fcmplt                                    /home/julian/MEGA/semestre_ix/Embebidos/arm-2013.11/bin/../lib/gcc/arm-none-eabi/4.8.1/thumb2/libgcc.a(_arm_cmpsf2.o)
                                                  /tmp/cc4xEwoJ.ltrans0.ltrans.o
__aeabi_i2d                                       /home/julian/MEGA/semestre_ix/Embebidos/arm-2013.11/bin/../lib/gcc/arm-none-eabi/4.8.1/thumb2/libgcc.a(_arm_addsubdf3.o)
                                                  /tmp/cc4xEwoJ.ltrans0.ltrans.o
__aeabi_l2d                                       /home/julian/MEGA/semestre_ix/Embebidos/arm-2013.11/bin/../lib/gcc/arm-none-eabi/4.8.1/thumb2/libgcc.a(_arm_addsubdf3.o)
__aeabi_ui2d                                      /home/julian/MEGA/semestre_ix/Embebidos/arm-2013.11/bin/../lib/gcc/arm-none-eabi/4.8.1/thumb2/libgcc.a(_arm_addsubdf3.o)
                                                  /tmp/cc4xEwoJ.ltrans0.ltrans.o
__aeabi_ul2d                                      /home/julian/MEGA/semestre_ix/Embebidos/arm-2013.11/bin/../lib/gcc/arm-none-eabi/4.8.1/thumb2/libgcc.a(_arm_addsubdf3.o)
__cmpsf2                                          /home/julian/MEGA/semestre_ix/Embebidos/arm-2013.11/bin/../lib/gcc/arm-none-eabi/4.8.1/thumb2/libgcc.a(_arm_cmpsf2.o)
__core_init                                       /tmp/cc4xEwoJ.ltrans0.ltrans.o
                                                  build/obj/crt1.o (symbol from plugin)
                                                  build/obj/crt0_v7m.o
__default_exit                                    /tmp/cc4xEwoJ.ltrans0.ltrans.o
                                                  build/obj/crt1.o (symbol from plugin)
                                                  build/obj/crt0_v7m.o
__divdf3                                          /home/julian/MEGA/semestre_ix/Embebidos/arm-2013.11/bin/../lib/gcc/arm-none-eabi/4.8.1/thumb2/libgcc.a(_arm_muldivdf3.o)
__early_init                                      /tmp/cc4xEwoJ.ltrans1.ltrans.o
                                                  build/obj/board.o (symbol from plugin)
                                                  build/obj/crt1.o (symbol from plugin)
                                                  build/obj/crt0_v7m.o
__eqsf2                                           /home/julian/MEGA/semestre_ix/Embebidos/arm-2013.11/bin/../lib/gcc/arm-none-eabi/4.8.1/thumb2/libgcc.a(_arm_cmpsf2.o)
__extendsfdf2                                     /home/julian/MEGA/semestre_ix/Embebidos/arm-2013.11/bin/../lib/gcc/arm-none-eabi/4.8.1/thumb2/libgcc.a(_arm_addsubdf3.o)
__fini_array_end                                  build/obj/crt0_v7m.o
__fini_array_start                                build/obj/crt0_v7m.o
__fixdfsi                                         /home/julian/MEGA/semestre_ix/Embebidos/arm-2013.11/bin/../lib/gcc/arm-none-eabi/4.8.1/thumb2/libgcc.a(_arm_fixdfsi.o)
__fixsfsi                                         /home/julian/MEGA/semestre_ix/Embebidos/arm-2013.11/bin/../lib/gcc/arm-none-eabi/4.8.1/thumb2/libgcc.a(_arm_fixsfsi.o)
__floatdidf                                       /home/julian/MEGA/semestre_ix/Embebidos/arm-2013.11/bin/../lib/gcc/arm-none-eabi/4.8.1/thumb2/libgcc.a(_arm_addsubdf3.o)
__floatsidf                                       /home/julian/MEGA/semestre_ix/Embebidos/arm-2013.11/bin/../lib/gcc/arm-none-eabi/4.8.1/thumb2/libgcc.a(_arm_addsubdf3.o)
__floatundidf                                     /home/julian/MEGA/semestre_ix/Embebidos/arm-2013.11/bin/../lib/gcc/arm-none-eabi/4.8.1/thumb2/libgcc.a(_arm_addsubdf3.o)
__floatunsidf                                     /home/julian/MEGA/semestre_ix/Embebidos/arm-2013.11/bin/../lib/gcc/arm-none-eabi/4.8.1/thumb2/libgcc.a(_arm_addsubdf3.o)
__gesf2                                           /home/julian/MEGA/semestre_ix/Embebidos/arm-2013.11/bin/../lib/gcc/arm-none-eabi/4.8.1/thumb2/libgcc.a(_arm_cmpsf2.o)
__gtsf2                                           /home/julian/MEGA/semestre_ix/Embebidos/arm-2013.11/bin/../lib/gcc/arm-none-eabi/4.8.1/thumb2/libgcc.a(_arm_cmpsf2.o)
__heap_base__                                     /tmp/cc4xEwoJ.ltrans1.ltrans.o
                                                  build/obj/chmemcore.o (symbol from plugin)
__heap_end__                                      /tmp/cc4xEwoJ.ltrans1.ltrans.o
                                                  build/obj/chmemcore.o (symbol from plugin)
__init_array_end                                  build/obj/crt0_v7m.o
__init_array_start                                build/obj/crt0_v7m.o
__init_ram_areas                                  /tmp/cc4xEwoJ.ltrans0.ltrans.o
                                                  build/obj/crt1.o (symbol from plugin)
                                                  build/obj/crt0_v7m.o
__late_init                                       /tmp/cc4xEwoJ.ltrans0.ltrans.o
                                                  build/obj/crt1.o (symbol from plugin)
                                                  build/obj/crt0_v7m.o
__lesf2                                           /home/julian/MEGA/semestre_ix/Embebidos/arm-2013.11/bin/../lib/gcc/arm-none-eabi/4.8.1/thumb2/libgcc.a(_arm_cmpsf2.o)
__ltsf2                                           /home/julian/MEGA/semestre_ix/Embebidos/arm-2013.11/bin/../lib/gcc/arm-none-eabi/4.8.1/thumb2/libgcc.a(_arm_cmpsf2.o)
__main_stack_base__                               build/obj/crt0_v7m.o
__main_stack_end__                                /tmp/cc4xEwoJ.ltrans0.ltrans.o
                                                  build/obj/vectors.o (symbol from plugin)
                                                  build/obj/crt0_v7m.o
__muldf3                                          /home/julian/MEGA/semestre_ix/Embebidos/arm-2013.11/bin/../lib/gcc/arm-none-eabi/4.8.1/thumb2/libgcc.a(_arm_muldivdf3.o)
__nesf2                                           /home/julian/MEGA/semestre_ix/Embebidos/arm-2013.11/bin/../lib/gcc/arm-none-eabi/4.8.1/thumb2/libgcc.a(_arm_cmpsf2.o)
__process_stack_base__                            build/obj/crt0_v7m.o
__process_stack_end__                             build/obj/crt0_v7m.o
__ram0_clear__                                    /tmp/cc4xEwoJ.ltrans0.ltrans.o
                                                  build/obj/crt1.o (symbol from plugin)
__ram0_init__                                     /tmp/cc4xEwoJ.ltrans0.ltrans.o
                                                  build/obj/crt1.o (symbol from plugin)
__ram0_init_text__                                /tmp/cc4xEwoJ.ltrans0.ltrans.o
                                                  build/obj/crt1.o (symbol from plugin)
__ram0_noinit__                                   /tmp/cc4xEwoJ.ltrans0.ltrans.o
                                                  build/obj/crt1.o (symbol from plugin)
__ram1_clear__                                    /tmp/cc4xEwoJ.ltrans0.ltrans.o
                                                  build/obj/crt1.o (symbol from plugin)
__ram1_init__                                     /tmp/cc4xEwoJ.ltrans0.ltrans.o
                                                  build/obj/crt1.o (symbol from plugin)
__ram1_init_text__                                /tmp/cc4xEwoJ.ltrans0.ltrans.o
                                                  build/obj/crt1.o (symbol from plugin)
__ram1_noinit__                                   /tmp/cc4xEwoJ.ltrans0.ltrans.o
                                                  build/obj/crt1.o (symbol from plugin)
__ram2_clear__                                    /tmp/cc4xEwoJ.ltrans0.ltrans.o
                                                  build/obj/crt1.o (symbol from plugin)
__ram2_init__                                     /tmp/cc4xEwoJ.ltrans0.ltrans.o
                                                  build/obj/crt1.o (symbol from plugin)
__ram2_init_text__                                /tmp/cc4xEwoJ.ltrans0.ltrans.o
                                                  build/obj/crt1.o (symbol from plugin)
__ram2_noinit__                                   /tmp/cc4xEwoJ.ltrans0.ltrans.o
                                                  build/obj/crt1.o (symbol from plugin)
__ram3_clear__                                    /tmp/cc4xEwoJ.ltrans0.ltrans.o
                                                  build/obj/crt1.o (symbol from plugin)
__ram3_init__                                     /tmp/cc4xEwoJ.ltrans0.ltrans.o
                                                  build/obj/crt1.o (symbol from plugin)
__ram3_init_text__                                /tmp/cc4xEwoJ.ltrans0.ltrans.o
                                                  build/obj/crt1.o (symbol from plugin)
__ram3_noinit__                                   /tmp/cc4xEwoJ.ltrans0.ltrans.o
                                                  build/obj/crt1.o (symbol from plugin)
__ram4_clear__                                    /tmp/cc4xEwoJ.ltrans0.ltrans.o
                                                  build/obj/crt1.o (symbol from plugin)
__ram4_init__                                     /tmp/cc4xEwoJ.ltrans0.ltrans.o
                                                  build/obj/crt1.o (symbol from plugin)
__ram4_init_text__                                /tmp/cc4xEwoJ.ltrans0.ltrans.o
                                                  build/obj/crt1.o (symbol from plugin)
__ram4_noinit__                                   /tmp/cc4xEwoJ.ltrans0.ltrans.o
                                                  build/obj/crt1.o (symbol from plugin)
__ram5_clear__                                    /tmp/cc4xEwoJ.ltrans0.ltrans.o
                                                  build/obj/crt1.o (symbol from plugin)
__ram5_init__                                     /tmp/cc4xEwoJ.ltrans0.ltrans.o
                                                  build/obj/crt1.o (symbol from plugin)
__ram5_init_text__                                /tmp/cc4xEwoJ.ltrans0.ltrans.o
                                                  build/obj/crt1.o (symbol from plugin)
__ram5_noinit__                                   /tmp/cc4xEwoJ.ltrans0.ltrans.o
                                                  build/obj/crt1.o (symbol from plugin)
__ram6_clear__                                    /tmp/cc4xEwoJ.ltrans0.ltrans.o
                                                  build/obj/crt1.o (symbol from plugin)
__ram6_init__                                     /tmp/cc4xEwoJ.ltrans0.ltrans.o
                                                  build/obj/crt1.o (symbol from plugin)
__ram6_init_text__                                /tmp/cc4xEwoJ.ltrans0.ltrans.o
                                                  build/obj/crt1.o (symbol from plugin)
__ram6_noinit__                                   /tmp/cc4xEwoJ.ltrans0.ltrans.o
                                                  build/obj/crt1.o (symbol from plugin)
__ram7_clear__                                    /tmp/cc4xEwoJ.ltrans0.ltrans.o
                                                  build/obj/crt1.o (symbol from plugin)
__ram7_init__                                     /tmp/cc4xEwoJ.ltrans0.ltrans.o
                                                  build/obj/crt1.o (symbol from plugin)
__ram7_init_text__                                /tmp/cc4xEwoJ.ltrans0.ltrans.o
                                                  build/obj/crt1.o (symbol from plugin)
__ram7_noinit__                                   /tmp/cc4xEwoJ.ltrans0.ltrans.o
                                                  build/obj/crt1.o (symbol from plugin)
__subdf3                                          /home/julian/MEGA/semestre_ix/Embebidos/arm-2013.11/bin/../lib/gcc/arm-none-eabi/4.8.1/thumb2/libgcc.a(_arm_addsubdf3.o)
__truncdfsf2                                      /home/julian/MEGA/semestre_ix/Embebidos/arm-2013.11/bin/../lib/gcc/arm-none-eabi/4.8.1/thumb2/libgcc.a(_arm_truncdfsf2.o)
_bss_end                                          build/obj/crt0_v7m.o
_bss_start                                        build/obj/crt0_v7m.o
_core_init                                        build/obj/chmemcore.o (symbol from plugin)
                                                  build/obj/chsys.o (symbol from plugin)
_data_end                                         build/obj/crt0_v7m.o
_data_start                                       build/obj/crt0_v7m.o
_get.7847                                         /tmp/cc4xEwoJ.ltrans0.ltrans.o
                                                  /tmp/cc4xEwoJ.ltrans1.ltrans.o
_gett.7843                                        /tmp/cc4xEwoJ.ltrans0.ltrans.o
                                                  /tmp/cc4xEwoJ.ltrans1.ltrans.o
_heap_init                                        build/obj/chheap.o (symbol from plugin)
                                                  build/obj/chsys.o (symbol from plugin)
_idle_thread.4305                                 /tmp/cc4xEwoJ.ltrans0.ltrans.o
                                                  /tmp/cc4xEwoJ.ltrans1.ltrans.o
_pal_lld_init                                     build/obj/hal_pal_lld.o (symbol from plugin)
                                                  build/obj/hal.o (symbol from plugin)
_pal_lld_setgroupmode                             build/obj/hal_pal_lld.o (symbol from plugin)
                                                  build/obj/main.o (symbol from plugin)
                                                  build/obj/hal_pal.o (symbol from plugin)
_pal_lld_setgroupmode.constprop.10                /tmp/cc4xEwoJ.ltrans0.ltrans.o
                                                  /tmp/cc4xEwoJ.ltrans1.ltrans.o
_port_exit_from_isr                               build/obj/chcoreasm_v7m.o
                                                  /tmp/cc4xEwoJ.ltrans0.ltrans.o
                                                  build/obj/chcore_v7m.o (symbol from plugin)
_port_irq_epilogue                                build/obj/chcore_v7m.o (symbol from plugin)
                                                  build/obj/hal_serial_lld.o (symbol from plugin)
                                                  build/obj/hal_st_lld.o (symbol from plugin)
                                                  build/obj/hal_i2c_lld.o (symbol from plugin)
                                                  build/obj/stm32_dma.o (symbol from plugin)
_port_switch                                      build/obj/chcoreasm_v7m.o
                                                  /tmp/cc4xEwoJ.ltrans0.ltrans.o
                                                  build/obj/chschd.o (symbol from plugin)
_port_switch_from_isr                             build/obj/chcoreasm_v7m.o
                                                  /tmp/cc4xEwoJ.ltrans0.ltrans.o
                                                  build/obj/chcore_v7m.o (symbol from plugin)
_port_thread_start                                build/obj/chcoreasm_v7m.o
                                                  /tmp/cc4xEwoJ.ltrans1.ltrans.o
                                                  build/obj/chthreads.o (symbol from plugin)
_put.7855                                         /tmp/cc4xEwoJ.ltrans0.ltrans.o
                                                  /tmp/cc4xEwoJ.ltrans1.ltrans.o
_putt.7850                                        /tmp/cc4xEwoJ.ltrans0.ltrans.o
                                                  /tmp/cc4xEwoJ.ltrans1.ltrans.o
_read.7827                                        /tmp/cc4xEwoJ.ltrans0.ltrans.o
                                                  /tmp/cc4xEwoJ.ltrans1.ltrans.o
_readt.7819                                       /tmp/cc4xEwoJ.ltrans0.ltrans.o
                                                  /tmp/cc4xEwoJ.ltrans1.ltrans.o
_scheduler_init                                   build/obj/chschd.o (symbol from plugin)
                                                  build/obj/chsys.o (symbol from plugin)
_stm32_dma_isr_redir                              /tmp/cc4xEwoJ.ltrans1.ltrans.o
                                                  build/obj/stm32_dma.o (symbol from plugin)
                                                  /tmp/cc4xEwoJ.ltrans0.ltrans.o
_stm32_dma_streams                                build/obj/stm32_dma.o (symbol from plugin)
                                                  build/obj/hal_i2c_lld.o (symbol from plugin)
_test_assert                                      build/obj/ch_test.o (symbol from plugin)
                                                  build/obj/test_sequence_012.o (symbol from plugin)
                                                  build/obj/test_sequence_011.o (symbol from plugin)
                                                  build/obj/test_sequence_010.o (symbol from plugin)
                                                  build/obj/test_sequence_009.o (symbol from plugin)
                                                  build/obj/test_sequence_008.o (symbol from plugin)
                                                  build/obj/test_sequence_006.o (symbol from plugin)
                                                  build/obj/test_sequence_005.o (symbol from plugin)
                                                  build/obj/test_sequence_004.o (symbol from plugin)
                                                  build/obj/test_sequence_003.o (symbol from plugin)
                                                  build/obj/test_sequence_002.o (symbol from plugin)
_test_assert_sequence                             build/obj/ch_test.o (symbol from plugin)
                                                  build/obj/test_sequence_012.o (symbol from plugin)
                                                  build/obj/test_sequence_009.o (symbol from plugin)
                                                  build/obj/test_sequence_008.o (symbol from plugin)
                                                  build/obj/test_sequence_007.o (symbol from plugin)
                                                  build/obj/test_sequence_006.o (symbol from plugin)
                                                  build/obj/test_sequence_005.o (symbol from plugin)
                                                  build/obj/test_sequence_003.o (symbol from plugin)
_test_assert_time_window                          build/obj/ch_test.o (symbol from plugin)
                                                  build/obj/test_sequence_008.o (symbol from plugin)
                                                  build/obj/test_sequence_005.o (symbol from plugin)
                                                  build/obj/test_sequence_004.o (symbol from plugin)
                                                  build/obj/test_sequence_003.o (symbol from plugin)
_test_fail                                        build/obj/ch_test.o (symbol from plugin)
_textdata_start                                   build/obj/crt0_v7m.o
_thread_init                                      build/obj/chthreads.o (symbol from plugin)
                                                  build/obj/chsys.o (symbol from plugin)
_unhandled_exception                              build/obj/vectors.o (symbol from plugin)
_vectors                                          /tmp/cc4xEwoJ.ltrans0.ltrans.o
                                                  build/obj/vectors.o (symbol from plugin)
                                                  build/obj/crt0_v7m.o
_vt_init                                          build/obj/chvt.o (symbol from plugin)
                                                  build/obj/chsys.o (symbol from plugin)
_write.7838                                       /tmp/cc4xEwoJ.ltrans0.ltrans.o
                                                  /tmp/cc4xEwoJ.ltrans1.ltrans.o
_writet.7832                                      /tmp/cc4xEwoJ.ltrans0.ltrans.o
                                                  /tmp/cc4xEwoJ.ltrans1.ltrans.o
boardInit                                         build/obj/board.o (symbol from plugin)
                                                  build/obj/hal.o (symbol from plugin)
ch                                                /tmp/cc4xEwoJ.ltrans1.ltrans.o
                                                  build/obj/chschd.o (symbol from plugin)
                                                  /tmp/cc4xEwoJ.ltrans0.ltrans.o
                                                  build/obj/test_sequence_013.o (symbol from plugin)
                                                  build/obj/test_sequence_012.o (symbol from plugin)
                                                  build/obj/test_sequence_008.o (symbol from plugin)
                                                  build/obj/test_sequence_007.o (symbol from plugin)
                                                  build/obj/test_sequence_006.o (symbol from plugin)
                                                  build/obj/test_sequence_005.o (symbol from plugin)
                                                  build/obj/test_sequence_004.o (symbol from plugin)
                                                  build/obj/test_sequence_003.o (symbol from plugin)
                                                  build/obj/chmsg.o (symbol from plugin)
                                                  build/obj/chevents.o (symbol from plugin)
                                                  build/obj/chcond.o (symbol from plugin)
                                                  build/obj/chmtx.o (symbol from plugin)
                                                  build/obj/chsem.o (symbol from plugin)
                                                  build/obj/chregistry.o (symbol from plugin)
                                                  build/obj/chthreads.o (symbol from plugin)
                                                  build/obj/chvt.o (symbol from plugin)
                                                  build/obj/chsys.o (symbol from plugin)
chCondBroadcast                                   build/obj/chcond.o (symbol from plugin)
                                                  build/obj/test_sequence_006.o (symbol from plugin)
chCondBroadcastI                                  build/obj/chcond.o (symbol from plugin)
chCondObjectInit                                  build/obj/chcond.o (symbol from plugin)
                                                  build/obj/test_sequence_006.o (symbol from plugin)
chCondSignal                                      build/obj/chcond.o (symbol from plugin)
                                                  build/obj/test_sequence_006.o (symbol from plugin)
chCondSignalI                                     build/obj/chcond.o (symbol from plugin)
                                                  build/obj/test_sequence_006.o (symbol from plugin)
chCondWait                                        build/obj/chcond.o (symbol from plugin)
                                                  build/obj/test_sequence_006.o (symbol from plugin)
chCondWaitS                                       build/obj/chcond.o (symbol from plugin)
chCondWaitTimeout                                 build/obj/chcond.o (symbol from plugin)
                                                  build/obj/test_sequence_006.o (symbol from plugin)
chCondWaitTimeoutS                                build/obj/chcond.o (symbol from plugin)
chCoreAllocAlignedWithOffset                      /tmp/cc4xEwoJ.ltrans0.ltrans.o
                                                  build/obj/chmemcore.o (symbol from plugin)
                                                  /tmp/cc4xEwoJ.ltrans1.ltrans.o
                                                  build/obj/chheap.o (symbol from plugin)
chCoreAllocAlignedWithOffsetI                     build/obj/chmemcore.o (symbol from plugin)
chCoreGetStatusX                                  build/obj/chmemcore.o (symbol from plugin)
chEvtAddEvents                                    build/obj/chevents.o (symbol from plugin)
                                                  build/obj/test_sequence_008.o (symbol from plugin)
chEvtBroadcastFlags                               build/obj/chevents.o (symbol from plugin)
                                                  build/obj/test_sequence_008.o (symbol from plugin)
chEvtBroadcastFlagsI                              build/obj/chevents.o (symbol from plugin)
                                                  build/obj/hal_serial_lld.o (symbol from plugin)
                                                  build/obj/hal_serial.o (symbol from plugin)
chEvtDispatch                                     build/obj/chevents.o (symbol from plugin)
                                                  build/obj/test_sequence_008.o (symbol from plugin)
chEvtGetAndClearEvents                            build/obj/chevents.o (symbol from plugin)
                                                  build/obj/test_sequence_008.o (symbol from plugin)
chEvtGetAndClearFlags                             build/obj/chevents.o (symbol from plugin)
chEvtGetAndClearFlagsI                            build/obj/chevents.o (symbol from plugin)
chEvtRegisterMaskWithFlags                        build/obj/chevents.o (symbol from plugin)
                                                  build/obj/test_sequence_008.o (symbol from plugin)
chEvtSignal                                       build/obj/chevents.o (symbol from plugin)
                                                  build/obj/test_sequence_008.o (symbol from plugin)
chEvtSignalI                                      build/obj/chevents.o (symbol from plugin)
chEvtUnregister                                   build/obj/chevents.o (symbol from plugin)
                                                  build/obj/test_sequence_008.o (symbol from plugin)
chEvtWaitAll                                      build/obj/chevents.o (symbol from plugin)
                                                  build/obj/test_sequence_008.o (symbol from plugin)
chEvtWaitAllTimeout                               build/obj/chevents.o (symbol from plugin)
                                                  build/obj/test_sequence_008.o (symbol from plugin)
chEvtWaitAny                                      build/obj/chevents.o (symbol from plugin)
                                                  build/obj/test_sequence_008.o (symbol from plugin)
chEvtWaitAnyTimeout                               build/obj/chevents.o (symbol from plugin)
                                                  build/obj/test_sequence_008.o (symbol from plugin)
chEvtWaitOne                                      build/obj/chevents.o (symbol from plugin)
                                                  build/obj/test_sequence_008.o (symbol from plugin)
chEvtWaitOneTimeout                               build/obj/chevents.o (symbol from plugin)
                                                  build/obj/test_sequence_008.o (symbol from plugin)
chGuardedPoolAllocTimeout                         build/obj/chmempools.o (symbol from plugin)
                                                  build/obj/test_sequence_010.o (symbol from plugin)
chGuardedPoolAllocTimeoutS                        build/obj/chmempools.o (symbol from plugin)
chGuardedPoolFree                                 build/obj/chmempools.o (symbol from plugin)
                                                  build/obj/test_sequence_010.o (symbol from plugin)
chGuardedPoolFreeI                                build/obj/chmempools.o (symbol from plugin)
chGuardedPoolLoadArray                            build/obj/chmempools.o (symbol from plugin)
                                                  build/obj/test_sequence_010.o (symbol from plugin)
chGuardedPoolObjectInit                           build/obj/chmempools.o (symbol from plugin)
                                                  build/obj/test_sequence_010.o (symbol from plugin)
chHeapAllocAligned                                build/obj/chheap.o (symbol from plugin)
                                                  build/obj/test_sequence_011.o (symbol from plugin)
                                                  build/obj/chdynamic.o (symbol from plugin)
chHeapFree                                        build/obj/chheap.o (symbol from plugin)
                                                  build/obj/test_sequence_011.o (symbol from plugin)
                                                  build/obj/chthreads.o (symbol from plugin)
chHeapObjectInit                                  build/obj/chheap.o (symbol from plugin)
                                                  build/obj/test_sequence_012.o (symbol from plugin)
                                                  build/obj/test_sequence_011.o (symbol from plugin)
chHeapStatus                                      build/obj/chheap.o (symbol from plugin)
                                                  build/obj/test_sequence_012.o (symbol from plugin)
                                                  build/obj/test_sequence_011.o (symbol from plugin)
chMBFetch                                         build/obj/chmboxes.o (symbol from plugin)
                                                  build/obj/test_sequence_009.o (symbol from plugin)
chMBFetchI                                        build/obj/chmboxes.o (symbol from plugin)
                                                  build/obj/test_sequence_009.o (symbol from plugin)
chMBFetchS                                        build/obj/chmboxes.o (symbol from plugin)
chMBObjectInit                                    build/obj/chmboxes.o (symbol from plugin)
                                                  build/obj/test_sequence_009.o (symbol from plugin)
chMBPost                                          build/obj/chmboxes.o (symbol from plugin)
                                                  build/obj/test_sequence_009.o (symbol from plugin)
chMBPostAhead                                     build/obj/chmboxes.o (symbol from plugin)
                                                  build/obj/test_sequence_009.o (symbol from plugin)
chMBPostAheadI                                    build/obj/chmboxes.o (symbol from plugin)
                                                  build/obj/test_sequence_009.o (symbol from plugin)
chMBPostAheadS                                    build/obj/chmboxes.o (symbol from plugin)
chMBPostI                                         build/obj/chmboxes.o (symbol from plugin)
                                                  build/obj/test_sequence_009.o (symbol from plugin)
chMBPostS                                         build/obj/chmboxes.o (symbol from plugin)
chMBReset                                         build/obj/chmboxes.o (symbol from plugin)
                                                  build/obj/test_sequence_009.o (symbol from plugin)
chMBResetI                                        build/obj/chmboxes.o (symbol from plugin)
                                                  build/obj/test_sequence_009.o (symbol from plugin)
chMsgRelease                                      build/obj/chmsg.o (symbol from plugin)
                                                  build/obj/test_sequence_013.o (symbol from plugin)
                                                  build/obj/test_sequence_007.o (symbol from plugin)
chMsgSend                                         build/obj/chmsg.o (symbol from plugin)
                                                  build/obj/test_sequence_013.o (symbol from plugin)
                                                  build/obj/test_sequence_007.o (symbol from plugin)
chMsgWait                                         build/obj/chmsg.o (symbol from plugin)
                                                  build/obj/test_sequence_013.o (symbol from plugin)
                                                  build/obj/test_sequence_007.o (symbol from plugin)
chMtxLock                                         build/obj/chmtx.o (symbol from plugin)
                                                  build/obj/test_sequence_013.o (symbol from plugin)
                                                  build/obj/test_sequence_006.o (symbol from plugin)
                                                  build/obj/hal_i2c.o (symbol from plugin)
                                                  build/obj/chheap.o (symbol from plugin)
chMtxLockS                                        build/obj/chmtx.o (symbol from plugin)
                                                  build/obj/test_sequence_006.o (symbol from plugin)
                                                  build/obj/chcond.o (symbol from plugin)
chMtxObjectInit                                   build/obj/chmtx.o (symbol from plugin)
                                                  build/obj/test_sequence_013.o (symbol from plugin)
                                                  build/obj/test_sequence_006.o (symbol from plugin)
                                                  build/obj/hal_i2c.o (symbol from plugin)
                                                  build/obj/chheap.o (symbol from plugin)
chMtxTryLock                                      build/obj/chmtx.o (symbol from plugin)
                                                  build/obj/test_sequence_006.o (symbol from plugin)
chMtxTryLockS                                     build/obj/chmtx.o (symbol from plugin)
chMtxUnlock                                       build/obj/chmtx.o (symbol from plugin)
                                                  build/obj/test_sequence_013.o (symbol from plugin)
                                                  build/obj/test_sequence_006.o (symbol from plugin)
                                                  build/obj/hal_i2c.o (symbol from plugin)
                                                  build/obj/chheap.o (symbol from plugin)
chMtxUnlockAll                                    build/obj/chmtx.o (symbol from plugin)
                                                  build/obj/test_sequence_006.o (symbol from plugin)
chMtxUnlockAllS                                   build/obj/chmtx.o (symbol from plugin)
chMtxUnlockS                                      build/obj/chmtx.o (symbol from plugin)
                                                  build/obj/test_sequence_006.o (symbol from plugin)
                                                  build/obj/chcond.o (symbol from plugin)
chPoolAlloc                                       build/obj/chmempools.o (symbol from plugin)
                                                  build/obj/test_sequence_012.o (symbol from plugin)
                                                  build/obj/test_sequence_010.o (symbol from plugin)
                                                  build/obj/chdynamic.o (symbol from plugin)
chPoolAllocI                                      build/obj/chmempools.o (symbol from plugin)
chPoolFree                                        build/obj/chmempools.o (symbol from plugin)
                                                  build/obj/test_sequence_012.o (symbol from plugin)
                                                  build/obj/test_sequence_010.o (symbol from plugin)
                                                  build/obj/chthreads.o (symbol from plugin)
chPoolFreeI                                       build/obj/chmempools.o (symbol from plugin)
chPoolLoadArray                                   build/obj/chmempools.o (symbol from plugin)
                                                  build/obj/test_sequence_010.o (symbol from plugin)
chPoolObjectInit                                  build/obj/chmempools.o (symbol from plugin)
                                                  build/obj/test_sequence_012.o (symbol from plugin)
                                                  build/obj/test_sequence_010.o (symbol from plugin)
chRegFindThreadByName                             build/obj/chregistry.o (symbol from plugin)
chRegFindThreadByPointer                          build/obj/chregistry.o (symbol from plugin)
chRegFindThreadByWorkingArea                      build/obj/chregistry.o (symbol from plugin)
chRegFirstThread                                  build/obj/chregistry.o (symbol from plugin)
chRegNextThread                                   build/obj/chregistry.o (symbol from plugin)
chSchDoReschedule                                 /tmp/cc4xEwoJ.ltrans0.ltrans.o
                                                  build/obj/chschd.o (symbol from plugin)
                                                  build/obj/chcoreasm_v7m.o
chSchDoRescheduleAhead                            build/obj/chschd.o (symbol from plugin)
chSchDoRescheduleBehind                           build/obj/chschd.o (symbol from plugin)
                                                  build/obj/chthreads.o (symbol from plugin)
chSchGoSleepS                                     build/obj/chschd.o (symbol from plugin)
                                                  build/obj/test_sequence_013.o (symbol from plugin)
                                                  build/obj/chmsg.o (symbol from plugin)
                                                  build/obj/chevents.o (symbol from plugin)
                                                  build/obj/chcond.o (symbol from plugin)
                                                  build/obj/chmtx.o (symbol from plugin)
                                                  build/obj/chsem.o (symbol from plugin)
                                                  build/obj/chthreads.o (symbol from plugin)
chSchGoSleepTimeoutS                              build/obj/chschd.o (symbol from plugin)
                                                  build/obj/chevents.o (symbol from plugin)
                                                  build/obj/chcond.o (symbol from plugin)
                                                  build/obj/chsem.o (symbol from plugin)
                                                  build/obj/chthreads.o (symbol from plugin)
chSchIsPreemptionRequired                         build/obj/chschd.o (symbol from plugin)
                                                  build/obj/chcore_v7m.o (symbol from plugin)
chSchReadyAheadI                                  build/obj/chschd.o (symbol from plugin)
chSchReadyI                                       build/obj/chschd.o (symbol from plugin)
                                                  build/obj/chmsg.o (symbol from plugin)
                                                  build/obj/chevents.o (symbol from plugin)
                                                  build/obj/chcond.o (symbol from plugin)
                                                  build/obj/chmtx.o (symbol from plugin)
                                                  build/obj/chsem.o (symbol from plugin)
                                                  build/obj/chthreads.o (symbol from plugin)
chSchRescheduleS                                  build/obj/chschd.o (symbol from plugin)
                                                  build/obj/test_sequence_006.o (symbol from plugin)
                                                  build/obj/test_sequence_005.o (symbol from plugin)
                                                  build/obj/test_sequence_004.o (symbol from plugin)
                                                  build/obj/hal_serial.o (symbol from plugin)
                                                  build/obj/chmempools.o (symbol from plugin)
                                                  build/obj/chmboxes.o (symbol from plugin)
                                                  build/obj/chevents.o (symbol from plugin)
                                                  build/obj/chcond.o (symbol from plugin)
                                                  build/obj/chmtx.o (symbol from plugin)
                                                  build/obj/chsem.o (symbol from plugin)
                                                  build/obj/chthreads.o (symbol from plugin)
                                                  build/obj/chsys.o (symbol from plugin)
chSchWakeupS                                      build/obj/chschd.o (symbol from plugin)
                                                  build/obj/test_sequence_013.o (symbol from plugin)
                                                  build/obj/chdynamic.o (symbol from plugin)
                                                  build/obj/chmsg.o (symbol from plugin)
                                                  build/obj/chcond.o (symbol from plugin)
                                                  build/obj/chsem.o (symbol from plugin)
                                                  build/obj/chthreads.o (symbol from plugin)
chSemAddCounterI                                  build/obj/chsem.o (symbol from plugin)
                                                  build/obj/test_sequence_005.o (symbol from plugin)
chSemObjectInit                                   build/obj/chsem.o (symbol from plugin)
                                                  build/obj/test_sequence_013.o (symbol from plugin)
                                                  build/obj/test_sequence_005.o (symbol from plugin)
                                                  build/obj/chmempools.o (symbol from plugin)
chSemReset                                        build/obj/chsem.o (symbol from plugin)
                                                  build/obj/test_sequence_013.o (symbol from plugin)
                                                  build/obj/test_sequence_005.o (symbol from plugin)
chSemResetI                                       build/obj/chsem.o (symbol from plugin)
chSemSignal                                       build/obj/chsem.o (symbol from plugin)
                                                  build/obj/test_sequence_013.o (symbol from plugin)
                                                  build/obj/test_sequence_005.o (symbol from plugin)
chSemSignalI                                      build/obj/chsem.o (symbol from plugin)
                                                  build/obj/test_sequence_005.o (symbol from plugin)
                                                  build/obj/chmempools.o (symbol from plugin)
chSemSignalWait                                   build/obj/chsem.o (symbol from plugin)
                                                  build/obj/test_sequence_005.o (symbol from plugin)
chSemWait                                         build/obj/chsem.o (symbol from plugin)
                                                  build/obj/test_sequence_013.o (symbol from plugin)
                                                  build/obj/test_sequence_005.o (symbol from plugin)
chSemWaitS                                        build/obj/chsem.o (symbol from plugin)
chSemWaitTimeout                                  build/obj/chsem.o (symbol from plugin)
                                                  build/obj/test_sequence_005.o (symbol from plugin)
chSemWaitTimeoutS                                 build/obj/chsem.o (symbol from plugin)
                                                  build/obj/chmempools.o (symbol from plugin)
chSysGetStatusAndLockX                            build/obj/chsys.o (symbol from plugin)
                                                  build/obj/test_sequence_002.o (symbol from plugin)
chSysHalt                                         build/obj/chsys.o (symbol from plugin)
                                                  build/obj/hal_i2c_lld.o (symbol from plugin)
chSysInit                                         build/obj/chsys.o (symbol from plugin)
                                                  build/obj/main.o (symbol from plugin)
chSysIntegrityCheckI                              build/obj/chsys.o (symbol from plugin)
                                                  build/obj/test_sequence_002.o (symbol from plugin)
chSysIsCounterWithinX                             build/obj/chsys.o (symbol from plugin)
chSysPolledDelayX                                 build/obj/chsys.o (symbol from plugin)
chSysRestoreStatusX                               build/obj/chsys.o (symbol from plugin)
                                                  build/obj/test_sequence_002.o (symbol from plugin)
chSysTimerHandlerI                                build/obj/chsys.o (symbol from plugin)
                                                  build/obj/hal_st_lld.o (symbol from plugin)
chThdAddRef                                       build/obj/chthreads.o (symbol from plugin)
chThdCreate                                       build/obj/chthreads.o (symbol from plugin)
                                                  build/obj/chsys.o (symbol from plugin)
chThdCreateFromHeap                               build/obj/chdynamic.o (symbol from plugin)
                                                  build/obj/test_sequence_012.o (symbol from plugin)
chThdCreateFromMemoryPool                         build/obj/chdynamic.o (symbol from plugin)
                                                  build/obj/test_sequence_012.o (symbol from plugin)
chThdCreateI                                      build/obj/chthreads.o (symbol from plugin)
chThdCreateStatic                                 build/obj/chthreads.o (symbol from plugin)
                                                  build/obj/test_sequence_013.o (symbol from plugin)
                                                  build/obj/test_sequence_008.o (symbol from plugin)
                                                  build/obj/test_sequence_007.o (symbol from plugin)
                                                  build/obj/test_sequence_006.o (symbol from plugin)
                                                  build/obj/test_sequence_005.o (symbol from plugin)
                                                  build/obj/test_sequence_004.o (symbol from plugin)
                                                  build/obj/test_sequence_003.o (symbol from plugin)
chThdCreateSuspended                              build/obj/chthreads.o (symbol from plugin)
chThdCreateSuspendedI                             build/obj/chthreads.o (symbol from plugin)
                                                  build/obj/chdynamic.o (symbol from plugin)
chThdDequeueAllI                                  build/obj/chthreads.o (symbol from plugin)
                                                  build/obj/hal_queues.o (symbol from plugin)
                                                  build/obj/hal_buffers.o (symbol from plugin)
                                                  build/obj/chmboxes.o (symbol from plugin)
chThdDequeueNextI                                 build/obj/chthreads.o (symbol from plugin)
                                                  build/obj/hal_queues.o (symbol from plugin)
                                                  build/obj/hal_buffers.o (symbol from plugin)
                                                  build/obj/chmboxes.o (symbol from plugin)
chThdEnqueueTimeoutS                              build/obj/chthreads.o (symbol from plugin)
                                                  build/obj/hal_queues.o (symbol from plugin)
                                                  build/obj/hal_buffers.o (symbol from plugin)
                                                  build/obj/chmboxes.o (symbol from plugin)
chThdExit                                         /tmp/cc4xEwoJ.ltrans0.ltrans.o
                                                  build/obj/chthreads.o (symbol from plugin)
                                                  build/obj/test_sequence_013.o (symbol from plugin)
                                                  build/obj/chcoreasm_v7m.o
chThdExitS                                        build/obj/chthreads.o (symbol from plugin)
chThdRelease                                      build/obj/chthreads.o (symbol from plugin)
                                                  build/obj/test_sequence_013.o (symbol from plugin)
                                                  build/obj/chregistry.o (symbol from plugin)
chThdResume                                       build/obj/chthreads.o (symbol from plugin)
chThdResumeI                                      build/obj/chthreads.o (symbol from plugin)
                                                  build/obj/test_sequence_004.o (symbol from plugin)
                                                  build/obj/hal_i2c_lld.o (symbol from plugin)
chThdResumeS                                      build/obj/chthreads.o (symbol from plugin)
chThdSetPriority                                  build/obj/chthreads.o (symbol from plugin)
                                                  build/obj/test_sequence_003.o (symbol from plugin)
chThdSleep                                        /tmp/cc4xEwoJ.ltrans0.ltrans.o
                                                  build/obj/chthreads.o (symbol from plugin)
                                                  /tmp/cc4xEwoJ.ltrans1.ltrans.o
                                                  build/obj/main.o (symbol from plugin)
                                                  build/obj/lcd.o (symbol from plugin)
                                                  build/obj/test_sequence_013.o (symbol from plugin)